// Jest Snapshot v1, https://goo.gl/fbAQLP

exports[`shinkansen-motor/motor \`definition\` has \`schema\` object renders 1`] = `
<div
  className="shinkansen-motor"
/>
`;

exports[`shinkansen-motor/motor Always renders 1`] = `null`;
